// Jest Snapshot v1, https://goo.gl/fbAQLP

exports[`renders correctly 1`] = `
<ul>
  <li>
    <strong>
      Make URLs relative
    </strong>
     
    <br />
    <small>
      Saturday, February 19, 2022
    </small>
  </li>
</ul>
`;
